nohup: ignoring input
/home/uahawke/deckgym-core/.venv/lib/python3.13/site-packages/cma/s.py:16: UserWarning: Could not import matplotlib.pyplot, therefore ``cma.plot()`` etc. is not available
  _warnings.warn('Could not import matplotlib.pyplot, therefore'
Optimizing 15 of 16 coefficients (frozen: ['is_winner'])
Baseline fitness: 0.8025 (win rate 0.799, 21 ties / 360 games)
gen   1/25  best=0.8150  incumbent=0.8150  (2.2 min) *saved*
gen   2/25  best=0.8171  incumbent=0.8171  (4.5 min) *saved*
gen   3/25  best=0.8220  incumbent=0.8220  (6.7 min) *saved*
gen   4/25  best=0.8174  incumbent=0.8220  (9.0 min)
gen   5/25  best=0.8307  incumbent=0.8307  (11.0 min) *saved*
  [seed rotated to 1001; incumbent re-scored at 0.8345]
gen   6/25  best=0.8476  incumbent=0.8476  (13.5 min) *saved*
gen   7/25  best=0.8469  incumbent=0.8476  (16.4 min)
gen   8/25  best=0.8516  incumbent=0.8516  (19.1 min) *saved*
gen   9/25  best=0.8544  incumbent=0.8544  (21.8 min) *saved*
gen  10/25  best=0.8505  incumbent=0.8544  (24.5 min)
  [seed rotated to 2001; incumbent re-scored at 0.8348]
gen  11/25  best=0.8541  incumbent=0.8541  (27.5 min) *saved*
gen  12/25  best=0.8552  incumbent=0.8552  (30.3 min) *saved*
gen  13/25  best=0.8544  incumbent=0.8552  (33.1 min)
gen  14/25  best=0.8526  incumbent=0.8552  (35.8 min)
gen  15/25  best=0.8512  incumbent=0.8552  (38.7 min)
  [seed rotated to 3001; incumbent re-scored at 0.8382]
gen  16/25  best=0.8309  incumbent=0.8382  (41.9 min)
gen  17/25  best=0.8389  incumbent=0.8389  (44.7 min) *saved*
gen  18/25  best=0.8332  incumbent=0.8389  (47.9 min)
gen  19/25  best=0.8384  incumbent=0.8389  (50.9 min)
gen  20/25  best=0.8457  incumbent=0.8457  (53.8 min) *saved*
  [seed rotated to 4001; incumbent re-scored at 0.8109]
gen  21/25  best=0.8243  incumbent=0.8243  (56.7 min) *saved*
gen  22/25  best=0.8394  incumbent=0.8394  (59.7 min) *saved*
gen  23/25  best=0.8541  incumbent=0.8541  (62.5 min) *saved*
gen  24/25  best=0.8538  incumbent=0.8541  (65.5 min)
gen  25/25  best=0.8315  incumbent=0.8541  (68.7 min)

Best fitness 0.8541 written to tuned_params_v3.json
Validate on unseen seeds and more decks before trusting it, e.g.:
  cargo run --release --bin eval_bot -- --candidate e1 --params tuned_params_v3.json --opponents r,w --games 200 --max-decks 8 --seed 999999
